------------------------------------------------------------
TimeQuest Timing Analyzer Summary
------------------------------------------------------------

Type  : Slow 1100mV 85C Model Setup 'key_b[0]'
Slack : -3.824
TNS   : -56.128

Type  : Slow 1100mV 85C Model Setup 'clk'
Slack : -2.924
TNS   : -80.400

Type  : Slow 1100mV 85C Model Setup 'watch:U5|clk_1m'
Slack : -2.873
TNS   : -22.917

Type  : Slow 1100mV 85C Model Setup 'freq:U1|clk_1s'
Slack : -2.569
TNS   : -41.717

Type  : Slow 1100mV 85C Model Setup 'key_in[3]'
Slack : -2.340
TNS   : -30.736

Type  : Slow 1100mV 85C Model Setup 'freq:U1|clk_1ms'
Slack : -2.215
TNS   : -8.647

Type  : Slow 1100mV 85C Model Setup 'key_in[2]'
Slack : -2.100
TNS   : -34.702

Type  : Slow 1100mV 85C Model Hold 'key_b[0]'
Slack : -1.864
TNS   : -38.351

Type  : Slow 1100mV 85C Model Hold 'clk'
Slack : -1.057
TNS   : -1.890

Type  : Slow 1100mV 85C Model Hold 'key_in[2]'
Slack : -0.868
TNS   : -12.029

Type  : Slow 1100mV 85C Model Hold 'key_in[3]'
Slack : -0.828
TNS   : -9.696

Type  : Slow 1100mV 85C Model Hold 'freq:U1|clk_1s'
Slack : -0.689
TNS   : -0.689

Type  : Slow 1100mV 85C Model Hold 'watch:U5|clk_1m'
Slack : 0.530
TNS   : 0.000

Type  : Slow 1100mV 85C Model Hold 'freq:U1|clk_1ms'
Slack : 0.564
TNS   : 0.000

Type  : Slow 1100mV 85C Model Minimum Pulse Width 'clk'
Slack : -0.394
TNS   : -17.278

Type  : Slow 1100mV 85C Model Minimum Pulse Width 'key_in[3]'
Slack : -0.394
TNS   : -11.312

Type  : Slow 1100mV 85C Model Minimum Pulse Width 'key_in[2]'
Slack : -0.394
TNS   : -10.522

Type  : Slow 1100mV 85C Model Minimum Pulse Width 'freq:U1|clk_1s'
Slack : -0.394
TNS   : -9.889

Type  : Slow 1100mV 85C Model Minimum Pulse Width 'watch:U5|clk_1m'
Slack : -0.394
TNS   : -4.206

Type  : Slow 1100mV 85C Model Minimum Pulse Width 'freq:U1|clk_1ms'
Slack : -0.394
TNS   : -2.263

Type  : Slow 1100mV 85C Model Minimum Pulse Width 'key_b[0]'
Slack : 0.284
TNS   : 0.000

Type  : Slow 1100mV 0C Model Setup 'key_b[0]'
Slack : -3.706
TNS   : -55.750

Type  : Slow 1100mV 0C Model Setup 'clk'
Slack : -3.028
TNS   : -80.338

Type  : Slow 1100mV 0C Model Setup 'watch:U5|clk_1m'
Slack : -2.775
TNS   : -22.124

Type  : Slow 1100mV 0C Model Setup 'freq:U1|clk_1s'
Slack : -2.627
TNS   : -41.156

Type  : Slow 1100mV 0C Model Setup 'key_in[3]'
Slack : -2.448
TNS   : -30.691

Type  : Slow 1100mV 0C Model Setup 'freq:U1|clk_1ms'
Slack : -2.291
TNS   : -8.537

Type  : Slow 1100mV 0C Model Setup 'key_in[2]'
Slack : -2.098
TNS   : -33.963

Type  : Slow 1100mV 0C Model Hold 'key_b[0]'
Slack : -1.868
TNS   : -39.127

Type  : Slow 1100mV 0C Model Hold 'clk'
Slack : -0.981
TNS   : -1.687

Type  : Slow 1100mV 0C Model Hold 'key_in[2]'
Slack : -0.889
TNS   : -12.331

Type  : Slow 1100mV 0C Model Hold 'key_in[3]'
Slack : -0.879
TNS   : -10.602

Type  : Slow 1100mV 0C Model Hold 'freq:U1|clk_1s'
Slack : -0.545
TNS   : -0.545

Type  : Slow 1100mV 0C Model Hold 'watch:U5|clk_1m'
Slack : 0.501
TNS   : 0.000

Type  : Slow 1100mV 0C Model Hold 'freq:U1|clk_1ms'
Slack : 0.543
TNS   : 0.000

Type  : Slow 1100mV 0C Model Minimum Pulse Width 'key_in[3]'
Slack : -0.454
TNS   : -11.980

Type  : Slow 1100mV 0C Model Minimum Pulse Width 'clk'
Slack : -0.394
TNS   : -18.933

Type  : Slow 1100mV 0C Model Minimum Pulse Width 'key_in[2]'
Slack : -0.394
TNS   : -11.793

Type  : Slow 1100mV 0C Model Minimum Pulse Width 'freq:U1|clk_1s'
Slack : -0.394
TNS   : -10.220

Type  : Slow 1100mV 0C Model Minimum Pulse Width 'watch:U5|clk_1m'
Slack : -0.394
TNS   : -4.194

Type  : Slow 1100mV 0C Model Minimum Pulse Width 'freq:U1|clk_1ms'
Slack : -0.394
TNS   : -2.391

Type  : Slow 1100mV 0C Model Minimum Pulse Width 'key_b[0]'
Slack : 0.291
TNS   : 0.000

Type  : Fast 1100mV 85C Model Setup 'key_b[0]'
Slack : -2.512
TNS   : -35.585

Type  : Fast 1100mV 85C Model Setup 'watch:U5|clk_1m'
Slack : -1.792
TNS   : -14.280

Type  : Fast 1100mV 85C Model Setup 'freq:U1|clk_1s'
Slack : -1.665
TNS   : -26.423

Type  : Fast 1100mV 85C Model Setup 'freq:U1|clk_1ms'
Slack : -1.396
TNS   : -5.356

Type  : Fast 1100mV 85C Model Setup 'clk'
Slack : -1.303
TNS   : -33.872

Type  : Fast 1100mV 85C Model Setup 'key_in[3]'
Slack : -1.018
TNS   : -11.576

Type  : Fast 1100mV 85C Model Setup 'key_in[2]'
Slack : -0.828
TNS   : -12.754

Type  : Fast 1100mV 85C Model Hold 'key_b[0]'
Slack : -1.198
TNS   : -24.441

Type  : Fast 1100mV 85C Model Hold 'key_in[2]'
Slack : -0.636
TNS   : -7.447

Type  : Fast 1100mV 85C Model Hold 'freq:U1|clk_1s'
Slack : -0.594
TNS   : -0.594

Type  : Fast 1100mV 85C Model Hold 'key_in[3]'
Slack : -0.584
TNS   : -5.920

Type  : Fast 1100mV 85C Model Hold 'clk'
Slack : -0.418
TNS   : -0.726

Type  : Fast 1100mV 85C Model Hold 'watch:U5|clk_1m'
Slack : 0.238
TNS   : 0.000

Type  : Fast 1100mV 85C Model Hold 'freq:U1|clk_1ms'
Slack : 0.297
TNS   : 0.000

Type  : Fast 1100mV 85C Model Minimum Pulse Width 'key_in[3]'
Slack : -0.463
TNS   : -5.563

Type  : Fast 1100mV 85C Model Minimum Pulse Width 'key_in[2]'
Slack : -0.371
TNS   : -4.550

Type  : Fast 1100mV 85C Model Minimum Pulse Width 'clk'
Slack : -0.331
TNS   : -3.332

Type  : Fast 1100mV 85C Model Minimum Pulse Width 'freq:U1|clk_1ms'
Slack : 0.006
TNS   : 0.000

Type  : Fast 1100mV 85C Model Minimum Pulse Width 'freq:U1|clk_1s'
Slack : 0.006
TNS   : 0.000

Type  : Fast 1100mV 85C Model Minimum Pulse Width 'key_b[0]'
Slack : 0.031
TNS   : 0.000

Type  : Fast 1100mV 85C Model Minimum Pulse Width 'watch:U5|clk_1m'
Slack : 0.081
TNS   : 0.000

Type  : Fast 1100mV 0C Model Setup 'key_b[0]'
Slack : -2.322
TNS   : -33.523

Type  : Fast 1100mV 0C Model Setup 'watch:U5|clk_1m'
Slack : -1.747
TNS   : -13.926

Type  : Fast 1100mV 0C Model Setup 'freq:U1|clk_1s'
Slack : -1.681
TNS   : -26.455

Type  : Fast 1100mV 0C Model Setup 'freq:U1|clk_1ms'
Slack : -1.439
TNS   : -5.405

Type  : Fast 1100mV 0C Model Setup 'clk'
Slack : -1.220
TNS   : -29.839

Type  : Fast 1100mV 0C Model Setup 'key_in[3]'
Slack : -0.941
TNS   : -10.128

Type  : Fast 1100mV 0C Model Setup 'key_in[2]'
Slack : -0.733
TNS   : -10.939

Type  : Fast 1100mV 0C Model Hold 'key_b[0]'
Slack : -1.193
TNS   : -25.306

Type  : Fast 1100mV 0C Model Hold 'key_in[2]'
Slack : -0.606
TNS   : -7.523

Type  : Fast 1100mV 0C Model Hold 'key_in[3]'
Slack : -0.559
TNS   : -5.928

Type  : Fast 1100mV 0C Model Hold 'freq:U1|clk_1s'
Slack : -0.529
TNS   : -0.529

Type  : Fast 1100mV 0C Model Hold 'clk'
Slack : -0.478
TNS   : -0.832

Type  : Fast 1100mV 0C Model Hold 'watch:U5|clk_1m'
Slack : 0.206
TNS   : 0.000

Type  : Fast 1100mV 0C Model Hold 'freq:U1|clk_1ms'
Slack : 0.267
TNS   : 0.000

Type  : Fast 1100mV 0C Model Minimum Pulse Width 'key_in[3]'
Slack : -0.472
TNS   : -5.763

Type  : Fast 1100mV 0C Model Minimum Pulse Width 'key_in[2]'
Slack : -0.380
TNS   : -4.829

Type  : Fast 1100mV 0C Model Minimum Pulse Width 'clk'
Slack : -0.336
TNS   : -3.362

Type  : Fast 1100mV 0C Model Minimum Pulse Width 'freq:U1|clk_1ms'
Slack : 0.011
TNS   : 0.000

Type  : Fast 1100mV 0C Model Minimum Pulse Width 'freq:U1|clk_1s'
Slack : 0.012
TNS   : 0.000

Type  : Fast 1100mV 0C Model Minimum Pulse Width 'key_b[0]'
Slack : 0.026
TNS   : 0.000

Type  : Fast 1100mV 0C Model Minimum Pulse Width 'watch:U5|clk_1m'
Slack : 0.093
TNS   : 0.000

------------------------------------------------------------
