Analysis & Synthesis report for top_clock
Fri Dec 14 10:51:40 2018
Quartus II 64-Bit Version 13.1.0 Build 162 10/23/2013 SJ Full Version


---------------------
; Table of Contents ;
---------------------
  1. Legal Notice
  2. Analysis & Synthesis Summary
  3. Analysis & Synthesis Settings
  4. Parallel Compilation
  5. Analysis & Synthesis Source Files Read
  6. Analysis & Synthesis Resource Usage Summary
  7. Analysis & Synthesis Resource Utilization by Entity
  8. User-Specified and Inferred Latches
  9. Registers Removed During Synthesis
 10. General Register Statistics
 11. Multiplexer Restructuring Statistics (Restructuring Performed)
 12. Port Connectivity Checks: "display:U6"
 13. Port Connectivity Checks: "key:U2"
 14. Elapsed Time Per Partition
 15. Analysis & Synthesis Messages



----------------
; Legal Notice ;
----------------
Copyright (C) 1991-2013 Altera Corporation
Your use of Altera Corporation's design tools, logic functions 
and other software and tools, and its AMPP partner logic 
functions, and any output files from any of the foregoing 
(including device programming or simulation files), and any 
associated documentation or information are expressly subject 
to the terms and conditions of the Altera Program License 
Subscription Agreement, Altera MegaCore Function License 
Agreement, or other applicable license agreement, including, 
without limitation, that your use is for the sole purpose of 
programming logic devices manufactured by Altera and sold by 
Altera or its authorized distributors.  Please refer to the 
applicable agreement for further details.



+-------------------------------------------------------------------------------+
; Analysis & Synthesis Summary                                                  ;
+---------------------------------+---------------------------------------------+
; Analysis & Synthesis Status     ; Successful - Fri Dec 14 10:51:40 2018       ;
; Quartus II 64-Bit Version       ; 13.1.0 Build 162 10/23/2013 SJ Full Version ;
; Revision Name                   ; top_clock                                   ;
; Top-level Entity Name           ; top_clock                                   ;
; Family                          ; Cyclone V                                   ;
; Logic utilization (in ALMs)     ; N/A                                         ;
; Total registers                 ; 96                                          ;
; Total pins                      ; 51                                          ;
; Total virtual pins              ; 0                                           ;
; Total block memory bits         ; 0                                           ;
; Total DSP Blocks                ; 0                                           ;
; Total HSSI RX PCSs              ; 0                                           ;
; Total HSSI PMA RX Deserializers ; 0                                           ;
; Total HSSI TX PCSs              ; 0                                           ;
; Total HSSI TX Channels          ; 0                                           ;
; Total PLLs                      ; 0                                           ;
; Total DLLs                      ; 0                                           ;
+---------------------------------+---------------------------------------------+


+---------------------------------------------------------------------------------------------------------------------------+
; Analysis & Synthesis Settings                                                                                             ;
+---------------------------------------------------------------------------------+--------------------+--------------------+
; Option                                                                          ; Setting            ; Default Value      ;
+---------------------------------------------------------------------------------+--------------------+--------------------+
; Device                                                                          ; 5CSEMA5F31C6       ;                    ;
; Top-level entity name                                                           ; top_clock          ; top_clock          ;
; Family name                                                                     ; Cyclone V          ; Cyclone V          ;
; Use smart compilation                                                           ; Off                ; Off                ;
; Enable parallel Assembler and TimeQuest Timing Analyzer during compilation      ; On                 ; On                 ;
; Enable compact report table                                                     ; Off                ; Off                ;
; Restructure Multiplexers                                                        ; Auto               ; Auto               ;
; MLAB Add Timing Constraints For Mixed-Port Feed-Through Mode Setting Don't Care ; Off                ; Off                ;
; Create Debugging Nodes for IP Cores                                             ; Off                ; Off                ;
; Preserve fewer node names                                                       ; On                 ; On                 ;
; Disable OpenCore Plus hardware evaluation                                       ; Off                ; Off                ;
; Verilog Version                                                                 ; Verilog_2001       ; Verilog_2001       ;
; VHDL Version                                                                    ; VHDL_1993          ; VHDL_1993          ;
; State Machine Processing                                                        ; Auto               ; Auto               ;
; Safe State Machine                                                              ; Off                ; Off                ;
; Extract Verilog State Machines                                                  ; On                 ; On                 ;
; Extract VHDL State Machines                                                     ; On                 ; On                 ;
; Ignore Verilog initial constructs                                               ; Off                ; Off                ;
; Iteration limit for constant Verilog loops                                      ; 5000               ; 5000               ;
; Iteration limit for non-constant Verilog loops                                  ; 250                ; 250                ;
; Add Pass-Through Logic to Inferred RAMs                                         ; On                 ; On                 ;
; Infer RAMs from Raw Logic                                                       ; On                 ; On                 ;
; Parallel Synthesis                                                              ; On                 ; On                 ;
; DSP Block Balancing                                                             ; Auto               ; Auto               ;
; NOT Gate Push-Back                                                              ; On                 ; On                 ;
; Power-Up Don't Care                                                             ; On                 ; On                 ;
; Remove Redundant Logic Cells                                                    ; Off                ; Off                ;
; Remove Duplicate Registers                                                      ; On                 ; On                 ;
; Ignore CARRY Buffers                                                            ; Off                ; Off                ;
; Ignore CASCADE Buffers                                                          ; Off                ; Off                ;
; Ignore GLOBAL Buffers                                                           ; Off                ; Off                ;
; Ignore ROW GLOBAL Buffers                                                       ; Off                ; Off                ;
; Ignore LCELL Buffers                                                            ; Off                ; Off                ;
; Ignore SOFT Buffers                                                             ; On                 ; On                 ;
; Limit AHDL Integers to 32 Bits                                                  ; Off                ; Off                ;
; Optimization Technique                                                          ; Balanced           ; Balanced           ;
; Carry Chain Length                                                              ; 70                 ; 70                 ;
; Auto Carry Chains                                                               ; On                 ; On                 ;
; Auto Open-Drain Pins                                                            ; On                 ; On                 ;
; Perform WYSIWYG Primitive Resynthesis                                           ; Off                ; Off                ;
; Auto ROM Replacement                                                            ; On                 ; On                 ;
; Auto RAM Replacement                                                            ; On                 ; On                 ;
; Auto DSP Block Replacement                                                      ; On                 ; On                 ;
; Auto Shift Register Replacement                                                 ; Auto               ; Auto               ;
; Allow Shift Register Merging across Hierarchies                                 ; Auto               ; Auto               ;
; Auto Clock Enable Replacement                                                   ; On                 ; On                 ;
; Strict RAM Replacement                                                          ; Off                ; Off                ;
; Allow Synchronous Control Signals                                               ; On                 ; On                 ;
; Force Use of Synchronous Clear Signals                                          ; Off                ; Off                ;
; Auto Resource Sharing                                                           ; Off                ; Off                ;
; Allow Any RAM Size For Recognition                                              ; Off                ; Off                ;
; Allow Any ROM Size For Recognition                                              ; Off                ; Off                ;
; Allow Any Shift Register Size For Recognition                                   ; Off                ; Off                ;
; Use LogicLock Constraints during Resource Balancing                             ; On                 ; On                 ;
; Ignore translate_off and synthesis_off directives                               ; Off                ; Off                ;
; Timing-Driven Synthesis                                                         ; On                 ; On                 ;
; Report Parameter Settings                                                       ; On                 ; On                 ;
; Report Source Assignments                                                       ; On                 ; On                 ;
; Report Connectivity Checks                                                      ; On                 ; On                 ;
; Ignore Maximum Fan-Out Assignments                                              ; Off                ; Off                ;
; Synchronization Register Chain Length                                           ; 3                  ; 3                  ;
; PowerPlay Power Optimization                                                    ; Normal compilation ; Normal compilation ;
; HDL message level                                                               ; Level2             ; Level2             ;
; Suppress Register Optimization Related Messages                                 ; Off                ; Off                ;
; Number of Removed Registers Reported in Synthesis Report                        ; 5000               ; 5000               ;
; Number of Swept Nodes Reported in Synthesis Report                              ; 5000               ; 5000               ;
; Number of Inverted Registers Reported in Synthesis Report                       ; 100                ; 100                ;
; Clock MUX Protection                                                            ; On                 ; On                 ;
; Auto Gated Clock Conversion                                                     ; Off                ; Off                ;
; Block Design Naming                                                             ; Auto               ; Auto               ;
; SDC constraint protection                                                       ; Off                ; Off                ;
; Synthesis Effort                                                                ; Auto               ; Auto               ;
; Shift Register Replacement - Allow Asynchronous Clear Signal                    ; On                 ; On                 ;
; Pre-Mapping Resynthesis Optimization                                            ; Off                ; Off                ;
; Analysis & Synthesis Message Level                                              ; Medium             ; Medium             ;
; Disable Register Merging Across Hierarchies                                     ; Auto               ; Auto               ;
; Resource Aware Inference For Block RAM                                          ; On                 ; On                 ;
; Synthesis Seed                                                                  ; 1                  ; 1                  ;
; Automatic Parallel Synthesis                                                    ; On                 ; On                 ;
+---------------------------------------------------------------------------------+--------------------+--------------------+


+------------------------------------------+
; Parallel Compilation                     ;
+----------------------------+-------------+
; Processors                 ; Number      ;
+----------------------------+-------------+
; Number detected on machine ; 4           ;
; Maximum allowed            ; 2           ;
;                            ;             ;
; Average used               ; 1.00        ;
; Maximum used               ; 1           ;
;                            ;             ;
; Usage by Processor         ; % Time Used ;
;     Processor 1            ; 100.0%      ;
;     Processors 2-4         ;   0.0%      ;
+----------------------------+-------------+


+-------------------------------------------------------------------------------------------------------------------------------------------------------------------+
; Analysis & Synthesis Source Files Read                                                                                                                            ;
+----------------------------------+-----------------+------------------------+---------------------------------------------------------------------------+---------+
; File Name with User-Entered Path ; Used in Netlist ; File Type              ; File Name with Absolute Path                                              ; Library ;
+----------------------------------+-----------------+------------------------+---------------------------------------------------------------------------+---------+
; watch.v                          ; yes             ; User Verilog HDL File  ; D:/work_and_study_ducuments/Verilog_Files/FPGA-Cyclone/Exp6_1/watch.v     ;         ;
; top_clock.v                      ; yes             ; User Verilog HDL File  ; D:/work_and_study_ducuments/Verilog_Files/FPGA-Cyclone/Exp6_1/top_clock.v ;         ;
; SG7.v                            ; yes             ; User Verilog HDL File  ; D:/work_and_study_ducuments/Verilog_Files/FPGA-Cyclone/Exp6_1/SG7.v       ;         ;
; key.v                            ; yes             ; User Verilog HDL File  ; D:/work_and_study_ducuments/Verilog_Files/FPGA-Cyclone/Exp6_1/key.v       ;         ;
; freq.v                           ; yes             ; User Verilog HDL File  ; D:/work_and_study_ducuments/Verilog_Files/FPGA-Cyclone/Exp6_1/freq.v      ;         ;
; display.v                        ; yes             ; User Verilog HDL File  ; D:/work_and_study_ducuments/Verilog_Files/FPGA-Cyclone/Exp6_1/display.v   ;         ;
; clock.v                          ; yes             ; User Verilog HDL File  ; D:/work_and_study_ducuments/Verilog_Files/FPGA-Cyclone/Exp6_1/clock.v     ;         ;
; alarm.v                          ; yes             ; User Verilog HDL File  ; D:/work_and_study_ducuments/Verilog_Files/FPGA-Cyclone/Exp6_1/alarm.v     ;         ;
+----------------------------------+-----------------+------------------------+---------------------------------------------------------------------------+---------+


+---------------------------------------------------------------+
; Analysis & Synthesis Resource Usage Summary                   ;
+---------------------------------------------+-----------------+
; Resource                                    ; Usage           ;
+---------------------------------------------+-----------------+
; Estimate of Logic utilization (ALMs needed) ; 169             ;
;                                             ;                 ;
; Combinational ALUT usage for logic          ; 322             ;
;     -- 7 input functions                    ; 0               ;
;     -- 6 input functions                    ; 15              ;
;     -- 5 input functions                    ; 24              ;
;     -- 4 input functions                    ; 59              ;
;     -- <=3 input functions                  ; 224             ;
;                                             ;                 ;
; Dedicated logic registers                   ; 96              ;
;                                             ;                 ;
; I/O pins                                    ; 51              ;
; Total DSP Blocks                            ; 0               ;
; Maximum fan-out node                        ; key_in[0]~input ;
; Maximum fan-out                             ; 96              ;
; Total fan-out                               ; 1464            ;
; Average fan-out                             ; 2.82            ;
+---------------------------------------------+-----------------+


+--------------------------------------------------------------------------------------------------------------------------------------------------------------------+
; Analysis & Synthesis Resource Utilization by Entity                                                                                                                ;
+----------------------------+-------------------+--------------+-------------------+------------+------+--------------+------------------------------+--------------+
; Compilation Hierarchy Node ; LC Combinationals ; LC Registers ; Block Memory Bits ; DSP Blocks ; Pins ; Virtual Pins ; Full Hierarchy Name          ; Library Name ;
+----------------------------+-------------------+--------------+-------------------+------------+------+--------------+------------------------------+--------------+
; |top_clock                 ; 322 (0)           ; 96 (0)       ; 0                 ; 0          ; 51   ; 0            ; |top_clock                   ; work         ;
;    |alarm:U4|              ; 49 (49)           ; 16 (16)      ; 0                 ; 0          ; 0    ; 0            ; |top_clock|alarm:U4          ; work         ;
;    |clock:U3|              ; 86 (86)           ; 26 (26)      ; 0                 ; 0          ; 0    ; 0            ; |top_clock|clock:U3          ; work         ;
;    |display:U6|            ; 93 (51)           ; 0 (0)        ; 0                 ; 0          ; 0    ; 0            ; |top_clock|display:U6        ; work         ;
;       |SG7:U1|             ; 7 (7)             ; 0 (0)        ; 0                 ; 0          ; 0    ; 0            ; |top_clock|display:U6|SG7:U1 ; work         ;
;       |SG7:U2|             ; 7 (7)             ; 0 (0)        ; 0                 ; 0          ; 0    ; 0            ; |top_clock|display:U6|SG7:U2 ; work         ;
;       |SG7:U3|             ; 7 (7)             ; 0 (0)        ; 0                 ; 0          ; 0    ; 0            ; |top_clock|display:U6|SG7:U3 ; work         ;
;       |SG7:U4|             ; 7 (7)             ; 0 (0)        ; 0                 ; 0          ; 0    ; 0            ; |top_clock|display:U6|SG7:U4 ; work         ;
;       |SG7:U5|             ; 7 (7)             ; 0 (0)        ; 0                 ; 0          ; 0    ; 0            ; |top_clock|display:U6|SG7:U5 ; work         ;
;       |SG7:U6|             ; 7 (7)             ; 0 (0)        ; 0                 ; 0          ; 0    ; 0            ; |top_clock|display:U6|SG7:U6 ; work         ;
;    |freq:U1|               ; 39 (39)           ; 33 (33)      ; 0                 ; 0          ; 0    ; 0            ; |top_clock|freq:U1           ; work         ;
;    |watch:U5|              ; 55 (55)           ; 21 (21)      ; 0                 ; 0          ; 0    ; 0            ; |top_clock|watch:U5          ; work         ;
+----------------------------+-------------------+--------------+-------------------+------------+------+--------------+------------------------------+--------------+
Note: For table entries with two numbers listed, the numbers in parentheses indicate the number of resources of the given type used by the specific entity alone. The numbers listed outside of parentheses indicate the total resources of the given type used by the specific entity and all of its sub-entities in the hierarchy.


+----------------------------------------------------------------------------------------------------+
; User-Specified and Inferred Latches                                                                ;
+-----------------------------------------------------+---------------------+------------------------+
; Latch Name                                          ; Latch Enable Signal ; Free of Timing Hazards ;
+-----------------------------------------------------+---------------------+------------------------+
; display:U6|second[0]                                ; display:U6|Mux24    ; yes                    ;
; display:U6|second[1]                                ; display:U6|Mux24    ; yes                    ;
; display:U6|second[2]                                ; display:U6|Mux24    ; yes                    ;
; display:U6|second[3]                                ; display:U6|Mux24    ; yes                    ;
; display:U6|second[4]                                ; display:U6|Mux24    ; yes                    ;
; display:U6|second[5]                                ; display:U6|Mux24    ; yes                    ;
; display:U6|second[6]                                ; display:U6|Mux24    ; yes                    ;
; display:U6|second[7]                                ; display:U6|Mux24    ; yes                    ;
; display:U6|minute[0]                                ; display:U6|Mux24    ; yes                    ;
; display:U6|minute[1]                                ; display:U6|Mux24    ; yes                    ;
; display:U6|minute[2]                                ; display:U6|Mux24    ; yes                    ;
; display:U6|minute[3]                                ; display:U6|Mux24    ; yes                    ;
; display:U6|minute[4]                                ; display:U6|Mux24    ; yes                    ;
; display:U6|minute[5]                                ; display:U6|Mux24    ; yes                    ;
; display:U6|minute[6]                                ; display:U6|Mux24    ; yes                    ;
; display:U6|minute[7]                                ; display:U6|Mux24    ; yes                    ;
; display:U6|hour[0]                                  ; display:U6|Mux24    ; yes                    ;
; display:U6|hour[1]                                  ; display:U6|Mux24    ; yes                    ;
; display:U6|hour[2]                                  ; display:U6|Mux24    ; yes                    ;
; display:U6|hour[3]                                  ; display:U6|Mux24    ; yes                    ;
; display:U6|hour[4]                                  ; display:U6|Mux24    ; yes                    ;
; display:U6|hour[5]                                  ; display:U6|Mux24    ; yes                    ;
; display:U6|hour[6]                                  ; display:U6|Mux24    ; yes                    ;
; display:U6|hour[7]                                  ; display:U6|Mux24    ; yes                    ;
; Number of user-specified and inferred latches = 24  ;                     ;                        ;
+-----------------------------------------------------+---------------------+------------------------+
Note: All latches listed above may not be present at the end of synthesis due to various synthesis optimizations.


+-------------------------------------------------------------------------+
; Registers Removed During Synthesis                                      ;
+----------------------------------------+--------------------------------+
; Register name                          ; Reason for Removal             ;
+----------------------------------------+--------------------------------+
; freq:U1|counter[30]                    ; Merged with freq:U1|cnt1ms[30] ;
; freq:U1|counter[29]                    ; Merged with freq:U1|cnt1ms[29] ;
; freq:U1|counter[28]                    ; Merged with freq:U1|cnt1ms[28] ;
; freq:U1|counter[27]                    ; Merged with freq:U1|cnt1ms[27] ;
; freq:U1|counter[26]                    ; Merged with freq:U1|cnt1ms[26] ;
; freq:U1|counter[25]                    ; Merged with freq:U1|cnt1ms[25] ;
; freq:U1|counter[24]                    ; Merged with freq:U1|cnt1ms[24] ;
; freq:U1|counter[23]                    ; Merged with freq:U1|cnt1ms[23] ;
; freq:U1|counter[22]                    ; Merged with freq:U1|cnt1ms[22] ;
; freq:U1|counter[21]                    ; Merged with freq:U1|cnt1ms[21] ;
; freq:U1|counter[20]                    ; Merged with freq:U1|cnt1ms[20] ;
; freq:U1|counter[19]                    ; Merged with freq:U1|cnt1ms[19] ;
; freq:U1|counter[18]                    ; Merged with freq:U1|cnt1ms[18] ;
; freq:U1|counter[17]                    ; Merged with freq:U1|cnt1ms[17] ;
; freq:U1|counter[16]                    ; Merged with freq:U1|cnt1ms[16] ;
; freq:U1|counter[15]                    ; Merged with freq:U1|cnt1ms[15] ;
; freq:U1|counter[14]                    ; Merged with freq:U1|cnt1ms[14] ;
; freq:U1|counter[13]                    ; Merged with freq:U1|cnt1ms[13] ;
; freq:U1|counter[12]                    ; Merged with freq:U1|cnt1ms[12] ;
; freq:U1|counter[11]                    ; Merged with freq:U1|cnt1ms[11] ;
; freq:U1|counter[10]                    ; Merged with freq:U1|cnt1ms[10] ;
; freq:U1|counter[9]                     ; Merged with freq:U1|cnt1ms[9]  ;
; freq:U1|counter[8]                     ; Merged with freq:U1|cnt1ms[8]  ;
; freq:U1|counter[7]                     ; Merged with freq:U1|cnt1ms[7]  ;
; freq:U1|counter[6]                     ; Merged with freq:U1|cnt1ms[6]  ;
; freq:U1|counter[5]                     ; Merged with freq:U1|cnt1ms[5]  ;
; freq:U1|counter[4]                     ; Merged with freq:U1|cnt1ms[4]  ;
; freq:U1|counter[3]                     ; Merged with freq:U1|cnt1ms[3]  ;
; freq:U1|counter[2]                     ; Merged with freq:U1|cnt1ms[2]  ;
; freq:U1|counter[1]                     ; Merged with freq:U1|cnt1ms[1]  ;
; freq:U1|counter[0]                     ; Merged with freq:U1|cnt1ms[0]  ;
; Total Number of Removed Registers = 31 ;                                ;
+----------------------------------------+--------------------------------+


+------------------------------------------------------+
; General Register Statistics                          ;
+----------------------------------------------+-------+
; Statistic                                    ; Value ;
+----------------------------------------------+-------+
; Total registers                              ; 96    ;
; Number of registers using Synchronous Clear  ; 87    ;
; Number of registers using Synchronous Load   ; 0     ;
; Number of registers using Asynchronous Clear ; 95    ;
; Number of registers using Asynchronous Load  ; 0     ;
; Number of registers using Clock Enable       ; 63    ;
; Number of registers using Preset             ; 0     ;
+----------------------------------------------+-------+


+---------------------------------------------------------------------------------------------------------------------------------------------------+
; Multiplexer Restructuring Statistics (Restructuring Performed)                                                                                    ;
+--------------------+-----------+---------------+----------------------+------------------------+------------+-------------------------------------+
; Multiplexer Inputs ; Bus Width ; Baseline Area ; Area if Restructured ; Saving if Restructured ; Registered ; Example Multiplexer Output          ;
+--------------------+-----------+---------------+----------------------+------------------------+------------+-------------------------------------+
; 3:1                ; 8 bits    ; 16 LEs        ; 8 LEs                ; 8 LEs                  ; Yes        ; |top_clock|clock:U3|clock_second[3] ;
; 3:1                ; 8 bits    ; 16 LEs        ; 8 LEs                ; 8 LEs                  ; Yes        ; |top_clock|clock:U3|clock_minute[7] ;
; 3:1                ; 8 bits    ; 16 LEs        ; 8 LEs                ; 8 LEs                  ; Yes        ; |top_clock|alarm:U4|alarm_hour[3]   ;
; 3:1                ; 8 bits    ; 16 LEs        ; 8 LEs                ; 8 LEs                  ; Yes        ; |top_clock|clock:U3|clock_hour[3]   ;
; 3:1                ; 8 bits    ; 16 LEs        ; 8 LEs                ; 8 LEs                  ; Yes        ; |top_clock|alarm:U4|alarm_minute[4] ;
; 3:1                ; 8 bits    ; 16 LEs        ; 8 LEs                ; 8 LEs                  ; Yes        ; |top_clock|watch:U5|cnt_s[4]        ;
; 3:1                ; 8 bits    ; 16 LEs        ; 8 LEs                ; 8 LEs                  ; Yes        ; |top_clock|watch:U5|cnt_m[3]        ;
; 3:1                ; 4 bits    ; 8 LEs         ; 8 LEs                ; 0 LEs                  ; No         ; |top_clock|display:U6|Mux1          ;
; 3:1                ; 4 bits    ; 8 LEs         ; 8 LEs                ; 0 LEs                  ; No         ; |top_clock|display:U6|Mux4          ;
; 3:1                ; 16 bits   ; 32 LEs        ; 32 LEs               ; 0 LEs                  ; No         ; |top_clock|display:U6|Mux23         ;
+--------------------+-----------+---------------+----------------------+------------------------+------------+-------------------------------------+


+-----------------------------------------------------------------------------------------------------------------------------------------------------------------------------+
; Port Connectivity Checks: "display:U6"                                                                                                                                      ;
+--------+--------+----------+------------------------------------------------------------------------------------------------------------------------------------------------+
; Port   ; Type   ; Severity ; Details                                                                                                                                        ;
+--------+--------+----------+------------------------------------------------------------------------------------------------------------------------------------------------+
; cnt_ms ; Input  ; Warning  ; Input port expression (4 bits) is smaller than the input port (8 bits) it drives.  Extra input bit(s) "cnt_ms[7..4]" will be connected to GND. ;
; hour   ; Output ; Info     ; Connected to dangling logic. Logic that only feeds a dangling port will be removed.                                                            ;
; minute ; Output ; Info     ; Connected to dangling logic. Logic that only feeds a dangling port will be removed.                                                            ;
; second ; Output ; Info     ; Connected to dangling logic. Logic that only feeds a dangling port will be removed.                                                            ;
+--------+--------+----------+------------------------------------------------------------------------------------------------------------------------------------------------+


+----------------------------------------------------------------------------------------------------------------+
; Port Connectivity Checks: "key:U2"                                                                             ;
+------+--------+----------+-------------------------------------------------------------------------------------+
; Port ; Type   ; Severity ; Details                                                                             ;
+------+--------+----------+-------------------------------------------------------------------------------------+
; key  ; Output ; Info     ; Connected to dangling logic. Logic that only feeds a dangling port will be removed. ;
+------+--------+----------+-------------------------------------------------------------------------------------+


+-------------------------------+
; Elapsed Time Per Partition    ;
+----------------+--------------+
; Partition Name ; Elapsed Time ;
+----------------+--------------+
; Top            ; 00:00:00     ;
+----------------+--------------+


+-------------------------------+
; Analysis & Synthesis Messages ;
+-------------------------------+
Info: *******************************************************************
Info: Running Quartus II 64-Bit Analysis & Synthesis
    Info: Version 13.1.0 Build 162 10/23/2013 SJ Full Version
    Info: Processing started: Fri Dec 14 10:51:38 2018
Info: Command: quartus_map --read_settings_files=on --write_settings_files=off top_clock -c top_clock
Info (11104): Parallel Compilation has detected 4 hyper-threaded processors. However, the extra hyper-threaded processors will not be used by default. Parallel Compilation will use 2 of the 2 physical processors detected instead.
Info (12021): Found 1 design units, including 1 entities, in source file watch.v
    Info (12023): Found entity 1: watch
Warning (10275): Verilog HDL Module Instantiation warning at top_clock.v(68): ignored dangling comma in List of Port Connections
Info (12021): Found 1 design units, including 1 entities, in source file top_clock.v
    Info (12023): Found entity 1: top_clock
Info (12021): Found 1 design units, including 1 entities, in source file sg7.v
    Info (12023): Found entity 1: SG7
Info (12021): Found 1 design units, including 1 entities, in source file key.v
    Info (12023): Found entity 1: key
Info (12021): Found 1 design units, including 1 entities, in source file freq.v
    Info (12023): Found entity 1: freq
Info (12021): Found 1 design units, including 1 entities, in source file display.v
    Info (12023): Found entity 1: display
Warning (10263): Verilog HDL Event Control warning at clock.v(46): event expression contains "|" or "||"
Warning (10263): Verilog HDL Event Control warning at clock.v(74): event expression contains "|" or "||"
Info (12021): Found 1 design units, including 1 entities, in source file clock.v
    Info (12023): Found entity 1: clock
Info (12021): Found 1 design units, including 1 entities, in source file alarm.v
    Info (12023): Found entity 1: alarm
Info (12127): Elaborating entity "top_clock" for the top level hierarchy
Info (12128): Elaborating entity "freq" for hierarchy "freq:U1"
Warning (10230): Verilog HDL assignment warning at freq.v(21): truncated value with size 32 to match size of target (31)
Warning (10230): Verilog HDL assignment warning at freq.v(39): truncated value with size 32 to match size of target (31)
Warning (10230): Verilog HDL assignment warning at freq.v(58): truncated value with size 32 to match size of target (31)
Info (12128): Elaborating entity "key" for hierarchy "key:U2"
Info (12128): Elaborating entity "clock" for hierarchy "clock:U3"
Warning (10230): Verilog HDL assignment warning at clock.v(40): truncated value with size 32 to match size of target (8)
Warning (10230): Verilog HDL assignment warning at clock.v(66): truncated value with size 32 to match size of target (8)
Warning (10230): Verilog HDL assignment warning at clock.v(68): truncated value with size 32 to match size of target (8)
Warning (10230): Verilog HDL assignment warning at clock.v(87): truncated value with size 32 to match size of target (8)
Warning (10230): Verilog HDL assignment warning at clock.v(89): truncated value with size 32 to match size of target (8)
Info (12128): Elaborating entity "alarm" for hierarchy "alarm:U4"
Warning (10230): Verilog HDL assignment warning at alarm.v(28): truncated value with size 32 to match size of target (8)
Warning (10230): Verilog HDL assignment warning at alarm.v(48): truncated value with size 32 to match size of target (8)
Info (12128): Elaborating entity "watch" for hierarchy "watch:U5"
Warning (10230): Verilog HDL assignment warning at watch.v(27): truncated value with size 32 to match size of target (4)
Warning (10230): Verilog HDL assignment warning at watch.v(51): truncated value with size 32 to match size of target (8)
Warning (10230): Verilog HDL assignment warning at watch.v(69): truncated value with size 32 to match size of target (8)
Info (12128): Elaborating entity "display" for hierarchy "display:U6"
Warning (10230): Verilog HDL assignment warning at display.v(44): truncated value with size 8 to match size of target (4)
Warning (10240): Verilog HDL Always Construct warning at display.v(30): inferring latch(es) for variable "hour", which holds its previous value in one or more paths through the always construct
Warning (10240): Verilog HDL Always Construct warning at display.v(30): inferring latch(es) for variable "minute", which holds its previous value in one or more paths through the always construct
Warning (10240): Verilog HDL Always Construct warning at display.v(30): inferring latch(es) for variable "second", which holds its previous value in one or more paths through the always construct
Info (10041): Inferred latch for "second[0]" at display.v(30)
Info (10041): Inferred latch for "second[1]" at display.v(30)
Info (10041): Inferred latch for "second[2]" at display.v(30)
Info (10041): Inferred latch for "second[3]" at display.v(30)
Info (10041): Inferred latch for "second[4]" at display.v(30)
Info (10041): Inferred latch for "second[5]" at display.v(30)
Info (10041): Inferred latch for "second[6]" at display.v(30)
Info (10041): Inferred latch for "second[7]" at display.v(30)
Info (10041): Inferred latch for "minute[0]" at display.v(30)
Info (10041): Inferred latch for "minute[1]" at display.v(30)
Info (10041): Inferred latch for "minute[2]" at display.v(30)
Info (10041): Inferred latch for "minute[3]" at display.v(30)
Info (10041): Inferred latch for "minute[4]" at display.v(30)
Info (10041): Inferred latch for "minute[5]" at display.v(30)
Info (10041): Inferred latch for "minute[6]" at display.v(30)
Info (10041): Inferred latch for "minute[7]" at display.v(30)
Info (10041): Inferred latch for "hour[0]" at display.v(30)
Info (10041): Inferred latch for "hour[1]" at display.v(30)
Info (10041): Inferred latch for "hour[2]" at display.v(30)
Info (10041): Inferred latch for "hour[3]" at display.v(30)
Info (10041): Inferred latch for "hour[4]" at display.v(30)
Info (10041): Inferred latch for "hour[5]" at display.v(30)
Info (10041): Inferred latch for "hour[6]" at display.v(30)
Info (10041): Inferred latch for "hour[7]" at display.v(30)
Info (12128): Elaborating entity "SG7" for hierarchy "display:U6|SG7:U1"
Warning (12011): Net is missing source, defaulting to GND
    Warning (12110): Net "alarm_second[7]" is missing source, defaulting to GND
    Warning (12110): Net "alarm_second[6]" is missing source, defaulting to GND
    Warning (12110): Net "alarm_second[5]" is missing source, defaulting to GND
    Warning (12110): Net "alarm_second[4]" is missing source, defaulting to GND
    Warning (12110): Net "alarm_second[3]" is missing source, defaulting to GND
    Warning (12110): Net "alarm_second[2]" is missing source, defaulting to GND
    Warning (12110): Net "alarm_second[1]" is missing source, defaulting to GND
    Warning (12110): Net "alarm_second[0]" is missing source, defaulting to GND
Warning (12011): Net is missing source, defaulting to GND
    Warning (12110): Net "alarm_second[7]" is missing source, defaulting to GND
    Warning (12110): Net "alarm_second[6]" is missing source, defaulting to GND
    Warning (12110): Net "alarm_second[5]" is missing source, defaulting to GND
    Warning (12110): Net "alarm_second[4]" is missing source, defaulting to GND
    Warning (12110): Net "alarm_second[3]" is missing source, defaulting to GND
    Warning (12110): Net "alarm_second[2]" is missing source, defaulting to GND
    Warning (12110): Net "alarm_second[1]" is missing source, defaulting to GND
    Warning (12110): Net "alarm_second[0]" is missing source, defaulting to GND
Warning (12011): Net is missing source, defaulting to GND
    Warning (12110): Net "alarm_second[7]" is missing source, defaulting to GND
    Warning (12110): Net "alarm_second[6]" is missing source, defaulting to GND
    Warning (12110): Net "alarm_second[5]" is missing source, defaulting to GND
    Warning (12110): Net "alarm_second[4]" is missing source, defaulting to GND
    Warning (12110): Net "alarm_second[3]" is missing source, defaulting to GND
    Warning (12110): Net "alarm_second[2]" is missing source, defaulting to GND
    Warning (12110): Net "alarm_second[1]" is missing source, defaulting to GND
    Warning (12110): Net "alarm_second[0]" is missing source, defaulting to GND
Warning (12241): 1 hierarchies have connectivity warnings - see the Connectivity Checks report folder
Warning (13012): Latch display:U6|second[0] has unsafe behavior
    Warning (13013): Ports D and ENA on the latch are fed by the same signal key_b[0]
Warning (13012): Latch display:U6|second[1] has unsafe behavior
    Warning (13013): Ports D and ENA on the latch are fed by the same signal key_b[0]
Warning (13012): Latch display:U6|second[2] has unsafe behavior
    Warning (13013): Ports D and ENA on the latch are fed by the same signal key_b[0]
Warning (13012): Latch display:U6|second[3] has unsafe behavior
    Warning (13013): Ports D and ENA on the latch are fed by the same signal key_b[0]
Warning (13012): Latch display:U6|second[4] has unsafe behavior
    Warning (13013): Ports D and ENA on the latch are fed by the same signal key_b[0]
Warning (13012): Latch display:U6|second[5] has unsafe behavior
    Warning (13013): Ports D and ENA on the latch are fed by the same signal key_b[0]
Warning (13012): Latch display:U6|second[6] has unsafe behavior
    Warning (13013): Ports D and ENA on the latch are fed by the same signal key_b[0]
Warning (13012): Latch display:U6|second[7] has unsafe behavior
    Warning (13013): Ports D and ENA on the latch are fed by the same signal key_b[0]
Warning (13012): Latch display:U6|minute[0] has unsafe behavior
    Warning (13013): Ports D and ENA on the latch are fed by the same signal key_b[1]
Warning (13012): Latch display:U6|minute[1] has unsafe behavior
    Warning (13013): Ports D and ENA on the latch are fed by the same signal key_b[1]
Warning (13012): Latch display:U6|minute[2] has unsafe behavior
    Warning (13013): Ports D and ENA on the latch are fed by the same signal key_b[1]
Warning (13012): Latch display:U6|minute[3] has unsafe behavior
    Warning (13013): Ports D and ENA on the latch are fed by the same signal key_b[1]
Warning (13012): Latch display:U6|minute[4] has unsafe behavior
    Warning (13013): Ports D and ENA on the latch are fed by the same signal key_b[1]
Warning (13012): Latch display:U6|minute[5] has unsafe behavior
    Warning (13013): Ports D and ENA on the latch are fed by the same signal key_b[1]
Warning (13012): Latch display:U6|minute[6] has unsafe behavior
    Warning (13013): Ports D and ENA on the latch are fed by the same signal key_b[1]
Warning (13012): Latch display:U6|minute[7] has unsafe behavior
    Warning (13013): Ports D and ENA on the latch are fed by the same signal key_b[1]
Warning (13012): Latch display:U6|hour[0] has unsafe behavior
    Warning (13013): Ports D and ENA on the latch are fed by the same signal key_b[1]
Warning (13012): Latch display:U6|hour[1] has unsafe behavior
    Warning (13013): Ports D and ENA on the latch are fed by the same signal key_b[1]
Warning (13012): Latch display:U6|hour[2] has unsafe behavior
    Warning (13013): Ports D and ENA on the latch are fed by the same signal key_b[1]
Warning (13012): Latch display:U6|hour[3] has unsafe behavior
    Warning (13013): Ports D and ENA on the latch are fed by the same signal key_b[1]
Warning (13012): Latch display:U6|hour[4] has unsafe behavior
    Warning (13013): Ports D and ENA on the latch are fed by the same signal key_b[1]
Warning (13012): Latch display:U6|hour[5] has unsafe behavior
    Warning (13013): Ports D and ENA on the latch are fed by the same signal key_b[1]
Warning (13012): Latch display:U6|hour[6] has unsafe behavior
    Warning (13013): Ports D and ENA on the latch are fed by the same signal key_b[1]
Warning (13012): Latch display:U6|hour[7] has unsafe behavior
    Warning (13013): Ports D and ENA on the latch are fed by the same signal key_b[1]
Info (286030): Timing-Driven Synthesis is running
Info (16010): Generating hard_block partition "hard_block:auto_generated_inst"
    Info (16011): Adding 0 node(s), including 0 DDIO, 0 PLL, 0 transceiver and 0 LCELL
Warning (21074): Design contains 1 input pin(s) that do not drive logic
    Warning (15610): No output dependent on input pin "key_in[1]"
Info (21057): Implemented 375 device resources after synthesis - the final resource count might be different
    Info (21058): Implemented 8 input pins
    Info (21059): Implemented 43 output pins
    Info (21061): Implemented 324 logic cells
Info: Quartus II 64-Bit Analysis & Synthesis was successful. 0 errors, 98 warnings
    Info: Peak virtual memory: 580 megabytes
    Info: Processing ended: Fri Dec 14 10:51:40 2018
    Info: Elapsed time: 00:00:02
    Info: Total CPU time (on all processors): 00:00:02


