------------------------------------------------------------
TimeQuest Timing Analyzer Summary
------------------------------------------------------------

Type  : Slow 1100mV 85C Model Setup 'clk'
Slack : -2.718
TNS   : -38.363

Type  : Slow 1100mV 85C Model Hold 'clk'
Slack : 0.377
TNS   : 0.000

Type  : Slow 1100mV 85C Model Minimum Pulse Width 'clk'
Slack : -0.394
TNS   : -8.756

Type  : Slow 1100mV 0C Model Setup 'clk'
Slack : -2.701
TNS   : -37.712

Type  : Slow 1100mV 0C Model Hold 'clk'
Slack : 0.392
TNS   : 0.000

Type  : Slow 1100mV 0C Model Minimum Pulse Width 'clk'
Slack : -0.394
TNS   : -9.718

Type  : Fast 1100mV 85C Model Setup 'clk'
Slack : -1.104
TNS   : -13.121

Type  : Fast 1100mV 85C Model Hold 'clk'
Slack : 0.181
TNS   : 0.000

Type  : Fast 1100mV 85C Model Minimum Pulse Width 'clk'
Slack : -0.077
TNS   : -1.245

Type  : Fast 1100mV 0C Model Setup 'clk'
Slack : -0.968
TNS   : -10.951

Type  : Fast 1100mV 0C Model Hold 'clk'
Slack : 0.174
TNS   : 0.000

Type  : Fast 1100mV 0C Model Minimum Pulse Width 'clk'
Slack : -0.078
TNS   : -1.273

------------------------------------------------------------
