------------------------------------------------------------
TimeQuest Timing Analyzer Summary
------------------------------------------------------------

Type  : Slow 1100mV 85C Model Setup 'clk'
Slack : -2.520
TNS   : -30.574

Type  : Slow 1100mV 85C Model Hold 'clk'
Slack : 0.353
TNS   : 0.000

Type  : Slow 1100mV 85C Model Minimum Pulse Width 'clk'
Slack : -0.394
TNS   : -8.777

Type  : Slow 1100mV 0C Model Setup 'clk'
Slack : -2.598
TNS   : -30.793

Type  : Slow 1100mV 0C Model Hold 'clk'
Slack : 0.331
TNS   : 0.000

Type  : Slow 1100mV 0C Model Minimum Pulse Width 'clk'
Slack : -0.394
TNS   : -9.822

Type  : Fast 1100mV 85C Model Setup 'clk'
Slack : -0.887
TNS   : -9.005

Type  : Fast 1100mV 85C Model Hold 'clk'
Slack : 0.181
TNS   : 0.000

Type  : Fast 1100mV 85C Model Minimum Pulse Width 'clk'
Slack : -0.074
TNS   : -1.175

Type  : Fast 1100mV 0C Model Setup 'clk'
Slack : -0.758
TNS   : -7.360

Type  : Fast 1100mV 0C Model Hold 'clk'
Slack : 0.174
TNS   : 0.000

Type  : Fast 1100mV 0C Model Minimum Pulse Width 'clk'
Slack : -0.076
TNS   : -1.233

------------------------------------------------------------
