------------------------------------------------------------
TimeQuest Timing Analyzer Summary
------------------------------------------------------------

Type  : Slow 1100mV 85C Model Setup 'clk'
Slack : -0.160
TNS   : -0.740

Type  : Slow 1100mV 85C Model Hold 'clk'
Slack : 0.229
TNS   : 0.000

Type  : Slow 1100mV 85C Model Minimum Pulse Width 'clk'
Slack : -0.394
TNS   : -10.708

Type  : Slow 1100mV 0C Model Setup 'clk'
Slack : -0.201
TNS   : -0.935

Type  : Slow 1100mV 0C Model Hold 'clk'
Slack : 0.212
TNS   : 0.000

Type  : Slow 1100mV 0C Model Minimum Pulse Width 'clk'
Slack : -0.394
TNS   : -11.789

Type  : Fast 1100mV 85C Model Setup 'clk'
Slack : 0.370
TNS   : 0.000

Type  : Fast 1100mV 85C Model Hold 'clk'
Slack : 0.130
TNS   : 0.000

Type  : Fast 1100mV 85C Model Minimum Pulse Width 'clk'
Slack : -0.088
TNS   : -1.817

Type  : Fast 1100mV 0C Model Setup 'clk'
Slack : 0.392
TNS   : 0.000

Type  : Fast 1100mV 0C Model Hold 'clk'
Slack : 0.120
TNS   : 0.000

Type  : Fast 1100mV 0C Model Minimum Pulse Width 'clk'
Slack : -0.086
TNS   : -1.786

------------------------------------------------------------
